// Jest Snapshot v1, https://goo.gl/fbAQLP

exports[`<Checkbox /> rend correctement 1`] = `
<span
  aria-disabled={false}
  className="MuiButtonBase-root MuiIconButton-root PrivateSwitchBase-root-3 MuiCheckbox-root makeStyles-root-1 PrivateSwitchBase-checked-4 Mui-checked"
  onBlur={[Function]}
  onDragLeave={[Function]}
  onFocus={[Function]}
  onKeyDown={[Function]}
  onKeyUp={[Function]}
  onMouseDown={[Function]}
  onMouseLeave={[Function]}
  onMouseUp={[Function]}
  onTouchEnd={[Function]}
  onTouchMove={[Function]}
  onTouchStart={[Function]}
  tabIndex={null}
>
  <span
    className="MuiIconButton-label"
  >
    <input
      checked={true}
      className="PrivateSwitchBase-input-6"
      data-indeterminate={false}
      name="terms"
      onChange={[Function]}
      type="checkbox"
    />
    <svg
      aria-hidden={true}
      className="MuiSvgIcon-root MuiSvgIcon-fontSizeSmall"
      focusable="false"
      viewBox="0 0 24 24"
    >
      <path
        d="M19 3H5c-1.11 0-2 .9-2 2v14c0 1.1.89 2 2 2h14c1.11 0 2-.9 2-2V5c0-1.1-.89-2-2-2zm-9 14l-5-5 1.41-1.41L10 14.17l7.59-7.59L19 8l-9 9z"
      />
    </svg>
  </span>
</span>
`;
